// Jest Snapshot v1, https://goo.gl/fbAQLP

exports[`Derivative component renders Derivative 1`] = `
<div
  className="Derivative"
>
  <Line
    data={
      Object {
        "datasets": Array [
          Object {
            "backgroundColor": "rgba(255, 0, 0, 0.2)",
            "data": Array [],
            "label": "% change",
          },
        ],
        "labels": Array [],
      }
    }
    options={
      Object {
        "animation": Object {
          "duration": 1000,
          "easing": "linear",
          "showlines": true,
        },
        "title": Object {
          "display": true,
          "text": "Derivative",
        },
      }
    }
  />
</div>
`;
