// Jest Snapshot v1, https://goo.gl/fbAQLP

exports[`PortfolioHistory component renders PortfolioHistory 1`] = `
<Line
  data={
    Object {
      "datasets": Array [
        Object {
          "backgroundColor": "rgba(255, 0, 0, 0.2)",
          "borderColor": "rgba(0, 0, 0, 0.2)",
          "borderWidth": 0.5,
          "data": Array [],
          "label": "net worth",
        },
      ],
      "labels": Array [],
    }
  }
  options={
    Object {
      "animation": Object {
        "duration": 1000,
        "easing": "linear",
        "showlines": true,
      },
      "title": Object {
        "display": true,
        "text": "Portfolio History",
      },
    }
  }
/>
`;
