// Jest Snapshot v1, https://goo.gl/fbAQLP

exports[`AboutUsList component renders AboutUsList 1`] = `
<ul>
  <Person
    blurb=""
    image="/src/images/developer-images/joe-klause.jpg"
    key="0"
    name="Joe Klause"
    spiritAnimal="Panther (or Squirrel...)"
    website="https://www.linkedin.com/in/joe-klause/"
  />
</ul>
`;
